Archive member included to satisfy reference by file (symbol)

C:/ST/STM32CubeIDE_1.19.0/STM32CubeIDE/plugins/com.st.stm32cube.ide.mcu.externaltools.gnu-tools-for-stm32.13.3.rel1.win32_1.0.0.202411081344/tools/bin/../lib/gcc/arm-none-eabi/13.3.1/../../../../arm-none-eabi/lib/thumb/v7-m/nofp\libc_nano.a(libc_a-exit.o)
                              C:/ST/STM32CubeIDE_1.19.0/STM32CubeIDE/plugins/com.st.stm32cube.ide.mcu.externaltools.gnu-tools-for-stm32.13.3.rel1.win32_1.0.0.202411081344/tools/bin/../lib/gcc/arm-none-eabi/13.3.1/../../../../arm-none-eabi/lib/thumb/v7-m/nofp/crt0.o (exit)
C:/ST/STM32CubeIDE_1.19.0/STM32CubeIDE/plugins/com.st.stm32cube.ide.mcu.externaltools.gnu-tools-for-stm32.13.3.rel1.win32_1.0.0.202411081344/tools/bin/../lib/gcc/arm-none-eabi/13.3.1/../../../../arm-none-eabi/lib/thumb/v7-m/nofp\libc_nano.a(libc_a-findfp.o)
                              C:/ST/STM32CubeIDE_1.19.0/STM32CubeIDE/plugins/com.st.stm32cube.ide.mcu.externaltools.gnu-tools-for-stm32.13.3.rel1.win32_1.0.0.202411081344/tools/bin/../lib/gcc/arm-none-eabi/13.3.1/../../../../arm-none-eabi/lib/thumb/v7-m/nofp\libc_nano.a(libc_a-exit.o) (__stdio_exit_handler)
C:/ST/STM32CubeIDE_1.19.0/STM32CubeIDE/plugins/com.st.stm32cube.ide.mcu.externaltools.gnu-tools-for-stm32.13.3.rel1.win32_1.0.0.202411081344/tools/bin/../lib/gcc/arm-none-eabi/13.3.1/../../../../arm-none-eabi/lib/thumb/v7-m/nofp\libc_nano.a(libc_a-fwalk.o)
                              C:/ST/STM32CubeIDE_1.19.0/STM32CubeIDE/plugins/com.st.stm32cube.ide.mcu.externaltools.gnu-tools-for-stm32.13.3.rel1.win32_1.0.0.202411081344/tools/bin/../lib/gcc/arm-none-eabi/13.3.1/../../../../arm-none-eabi/lib/thumb/v7-m/nofp\libc_nano.a(libc_a-findfp.o) (_fwalk_sglue)
C:/ST/STM32CubeIDE_1.19.0/STM32CubeIDE/plugins/com.st.stm32cube.ide.mcu.externaltools.gnu-tools-for-stm32.13.3.rel1.win32_1.0.0.202411081344/tools/bin/../lib/gcc/arm-none-eabi/13.3.1/../../../../arm-none-eabi/lib/thumb/v7-m/nofp\libc_nano.a(libc_a-stdio.o)
                              C:/ST/STM32CubeIDE_1.19.0/STM32CubeIDE/plugins/com.st.stm32cube.ide.mcu.externaltools.gnu-tools-for-stm32.13.3.rel1.win32_1.0.0.202411081344/tools/bin/../lib/gcc/arm-none-eabi/13.3.1/../../../../arm-none-eabi/lib/thumb/v7-m/nofp\libc_nano.a(libc_a-findfp.o) (__sread)
C:/ST/STM32CubeIDE_1.19.0/STM32CubeIDE/plugins/com.st.stm32cube.ide.mcu.externaltools.gnu-tools-for-stm32.13.3.rel1.win32_1.0.0.202411081344/tools/bin/../lib/gcc/arm-none-eabi/13.3.1/../../../../arm-none-eabi/lib/thumb/v7-m/nofp\libc_nano.a(libc_a-memset.o)
                              C:/ST/STM32CubeIDE_1.19.0/STM32CubeIDE/plugins/com.st.stm32cube.ide.mcu.externaltools.gnu-tools-for-stm32.13.3.rel1.win32_1.0.0.202411081344/tools/bin/../lib/gcc/arm-none-eabi/13.3.1/../../../../arm-none-eabi/lib/thumb/v7-m/nofp/crt0.o (memset)
C:/ST/STM32CubeIDE_1.19.0/STM32CubeIDE/plugins/com.st.stm32cube.ide.mcu.externaltools.gnu-tools-for-stm32.13.3.rel1.win32_1.0.0.202411081344/tools/bin/../lib/gcc/arm-none-eabi/13.3.1/../../../../arm-none-eabi/lib/thumb/v7-m/nofp\libc_nano.a(libc_a-closer.o)
                              C:/ST/STM32CubeIDE_1.19.0/STM32CubeIDE/plugins/com.st.stm32cube.ide.mcu.externaltools.gnu-tools-for-stm32.13.3.rel1.win32_1.0.0.202411081344/tools/bin/../lib/gcc/arm-none-eabi/13.3.1/../../../../arm-none-eabi/lib/thumb/v7-m/nofp\libc_nano.a(libc_a-stdio.o) (_close_r)
C:/ST/STM32CubeIDE_1.19.0/STM32CubeIDE/plugins/com.st.stm32cube.ide.mcu.externaltools.gnu-tools-for-stm32.13.3.rel1.win32_1.0.0.202411081344/tools/bin/../lib/gcc/arm-none-eabi/13.3.1/../../../../arm-none-eabi/lib/thumb/v7-m/nofp\libc_nano.a(libc_a-reent.o)
                              C:/ST/STM32CubeIDE_1.19.0/STM32CubeIDE/plugins/com.st.stm32cube.ide.mcu.externaltools.gnu-tools-for-stm32.13.3.rel1.win32_1.0.0.202411081344/tools/bin/../lib/gcc/arm-none-eabi/13.3.1/../../../../arm-none-eabi/lib/thumb/v7-m/nofp\libc_nano.a(libc_a-closer.o) (errno)
C:/ST/STM32CubeIDE_1.19.0/STM32CubeIDE/plugins/com.st.stm32cube.ide.mcu.externaltools.gnu-tools-for-stm32.13.3.rel1.win32_1.0.0.202411081344/tools/bin/../lib/gcc/arm-none-eabi/13.3.1/../../../../arm-none-eabi/lib/thumb/v7-m/nofp\libc_nano.a(libc_a-impure.o)
                              C:/ST/STM32CubeIDE_1.19.0/STM32CubeIDE/plugins/com.st.stm32cube.ide.mcu.externaltools.gnu-tools-for-stm32.13.3.rel1.win32_1.0.0.202411081344/tools/bin/../lib/gcc/arm-none-eabi/13.3.1/../../../../arm-none-eabi/lib/thumb/v7-m/nofp\libc_nano.a(libc_a-reent.o) (_impure_ptr)
C:/ST/STM32CubeIDE_1.19.0/STM32CubeIDE/plugins/com.st.stm32cube.ide.mcu.externaltools.gnu-tools-for-stm32.13.3.rel1.win32_1.0.0.202411081344/tools/bin/../lib/gcc/arm-none-eabi/13.3.1/../../../../arm-none-eabi/lib/thumb/v7-m/nofp\libc_nano.a(libc_a-lseekr.o)
[...]
Memory Configuration

Name             Origin             Length             Attributes
RAM              0x20000000         0x00005000         xrw
FLASH            0x08000000         0x00010000         xr
*default*        0x00000000         0xffffffff

Linker script and memory map

LOAD C:/ST/STM32CubeIDE_1.19.0/STM32CubeIDE/plugins/com.st.stm32cube.ide.mcu.externaltools.gnu-tools-for-stm32.13.3.rel1.win32_1.0.0.202411081344/tools/bin/../lib/gcc/arm-none-eabi/13.3.1/thumb/v7-m/nofp/crti.o
LOAD C:/ST/STM32CubeIDE_1.19.0/STM32CubeIDE/plugins/com.st.stm32cube.ide.mcu.externaltools.gnu-tools-for-stm32.13.3.rel1.win32_1.0.0.202411081344/tools/bin/../lib/gcc/arm-none-eabi/13.3.1/thumb/v7-m/nofp/crtbegin.o
LOAD C:/ST/STM32CubeIDE_1.19.0/STM32CubeIDE/plugins/com.st.stm32cube.ide.mcu.externaltools.gnu-tools-for-stm32.13.3.rel1.win32_1.0.0.202411081344/tools/bin/../lib/gcc/arm-none-eabi/13.3.1/../../../../arm-none-eabi/lib/thumb/v7-m/nofp/crt0.o
LOAD ./Core/Src/main.o
LOAD ./Core/Src/stm32f1xx_hal_msp.o
LOAD ./Core/Src/stm32f1xx_it.o
LOAD ./Core/Src/syscalls.o
LOAD ./Core/Src/sysmem.o
LOAD ./Core/Src/system_stm32f1xx.o
LOAD ./Core/Startup/startup_stm32f103c8tx.o
LOAD ./Drivers/STM32F1xx_HAL_Driver/Src/stm32f1xx_hal.o
LOAD ./Drivers/STM32F1xx_HAL_Driver/Src/stm32f1xx_hal_can.o
LOAD ./Drivers/STM32F1xx_HAL_Driver/Src/stm32f1xx_hal_cortex.o
LOAD ./Drivers/STM32F1xx_HAL_Driver/Src/stm32f1xx_hal_dma.o
LOAD ./Drivers/STM32F1xx_HAL_Driver/Src/stm32f1xx_hal_exti.o
LOAD ./Drivers/STM32F1xx_HAL_Driver/Src/stm32f1xx_hal_flash.o
LOAD ./Drivers/STM32F1xx_HAL_Driver/Src/stm32f1xx_hal_flash_ex.o
LOAD ./Drivers/STM32F1xx_HAL_Driver/Src/stm32f1xx_hal_gpio.o
LOAD ./Drivers/STM32F1xx_HAL_Driver/Src/stm32f1xx_hal_gpio_ex.o
LOAD ./Drivers/STM32F1xx_HAL_Driver/Src/stm32f1xx_hal_pwr.o
LOAD ./Drivers/STM32F1xx_HAL_Driver/Src/stm32f1xx_hal_rcc.o
LOAD ./Drivers/STM32F1xx_HAL_Driver/Src/stm32f1xx_hal_rcc_ex.o
LOAD ./Drivers/STM32F1xx_HAL_Driver/Src/stm32f1xx_hal_tim.o
LOAD ./Drivers/STM32F1xx_HAL_Driver/Src/stm32f1xx_hal_tim_ex.o
LOAD ./EcuA/Buzzer.o
LOAD ./EcuA/CanIf.o
LOAD ./MCAL/Can.o
LOAD ./MCAL/Dio.o
LOAD ./RTE/Rte.o
LOAD ./SWC/Swc_Alarm.o
LOAD ./Services/Com.o
LOAD ./Services/PduR.o
START GROUP
LOAD C:/ST/STM32CubeIDE_1.19.0/STM32CubeIDE/plugins/com.st.stm32cube.ide.mcu.externaltools.gnu-tools-for-stm32.13.3.rel1.win32_1.0.0.202411081344/tools/bin/../lib/gcc/arm-none-eabi/13.3.1/../../../../arm-none-eabi/lib/thumb/v7-m/nofp\libc_nano.a
LOAD C:/ST/STM32CubeIDE_1.19.0/STM32CubeIDE/plugins/com.st.stm32cube.ide.mcu.externaltools.gnu-tools-for-stm32.13.3.rel1.win32_1.0.0.202411081344/tools/bin/../lib/gcc/arm-none-eabi/13.3.1/../../../../arm-none-eabi/lib/thumb/v7-m/nofp\libm.a
END GROUP
START GROUP
LOAD C:/ST/STM32CubeIDE_1.19.0/STM32CubeIDE/plugins/com.st.stm32cube.ide.mcu.externaltools.gnu-tools-for-stm32.13.3.rel1.win32_1.0.0.202411081344/tools/bin/../lib/gcc/arm-none-eabi/13.3.1/thumb/v7-m/nofp\libgcc.a
LOAD C:/ST/STM32CubeIDE_1.19.0/STM32CubeIDE/plugins/com.st.stm32cube.ide.mcu.externaltools.gnu-tools-for-stm32.13.3.rel1.win32_1.0.0.202411081344/tools/bin/../lib/gcc/arm-none-eabi/13.3.1/../../../../arm-none-eabi/lib/thumb/v7-m/nofp\libc_nano.a
END GROUP
START GROUP
LOAD C:/ST/STM32CubeIDE_1.19.0/STM32CubeIDE/plugins/com.st.stm32cube.ide.mcu.externaltools.gnu-tools-for-stm32.13.3.rel1.win32_1.0.0.202411081344/tools/bin/../lib/gcc/arm-none-eabi/13.3.1/thumb/v7-m/nofp\libgcc.a
LOAD C:/ST/STM32CubeIDE_1.19.0/STM32CubeIDE/plugins/com.st.stm32cube.ide.mcu.externaltools.gnu-tools-for-stm32.13.3.rel1.win32_1.0.0.202411081344/tools/bin/../lib/gcc/arm-none-eabi/13.3.1/../../../../arm-none-eabi/lib/thumb/v7-m/nofp\libc_nano.a
LOAD C:/ST/STM32CubeIDE_1.19.0/STM32CubeIDE/plugins/com.st.stm32cube.ide.mcu.externaltools.gnu-tools-for-stm32.13.3.rel1.win32_1.0.0.202411081344/tools/bin/../lib/gcc/arm-none-eabi/13.3.1/../../../../arm-none-eabi/lib/thumb/v7-m/nofp\libnosys.a
END GROUP
START GROUP
LOAD C:/ST/STM32CubeIDE_1.19.0/STM32CubeIDE/plugins/com.st.stm32cube.ide.mcu.externaltools.gnu-tools-for-stm32.13.3.rel1.win32_1.0.0.202411081344/tools/bin/../lib/gcc/arm-none-eabi/13.3.1/thumb/v7-m/nofp\libgcc.a
LOAD C:/ST/STM32CubeIDE_1.19.0/STM32CubeIDE/plugins/com.st.stm32cube.ide.mcu.externaltools.gnu-tools-for-stm32.13.3.rel1.win32_1.0.0.202411081344/tools/bin/../lib/gcc/arm-none-eabi/13.3.1/../../../../arm-none-eabi/lib/thumb/v7-m/nofp\libc_nano.a
LOAD C:/ST/STM32CubeIDE_1.19.0/STM32CubeIDE/plugins/com.st.stm32cube.ide.mcu.externaltools.gnu-tools-for-stm32.13.3.rel1.win32_1.0.0.202411081344/tools/bin/../lib/gcc/arm-none-eabi/13.3.1/../../../../arm-none-eabi/lib/thumb/v7-m/nofp\libnosys.a
END GROUP
LOAD C:/ST/STM32CubeIDE_1.19.0/STM32CubeIDE/plugins/com.st.stm32cube.ide.mcu.externaltools.gnu-tools-for-stm32.13.3.rel1.win32_1.0.0.202411081344/tools/bin/../lib/gcc/arm-none-eabi/13.3.1/thumb/v7-m/nofp/crtend.o
LOAD C:/ST/STM32CubeIDE_1.19.0/STM32CubeIDE/plugins/com.st.stm32cube.ide.mcu.externaltools.gnu-tools-for-stm32.13.3.rel1.win32_1.0.0.202411081344/tools/bin/../lib/gcc/arm-none-eabi/13.3.1/thumb/v7-m/nofp/crtn.o
                0x20005000                        _estack = (ORIGIN (RAM) + LENGTH (RAM))
                0x00000200                        _Min_Heap_Size = 0x200
                0x00000400                        _Min_Stack_Size = 0x400

.isr_vector     0x08000000      0x10c
                0x08000000                        . = ALIGN (0x4)
 *(.isr_vector)
 .isr_vector    0x08000000      0x10c ./Core/Startup/startup_stm32f103c8tx.o
                0x08000000                g_pfnVectors
                0x0800010c                        . = ALIGN (0x4)

.text           0x0800010c     0x25d8
                0x0800010c                        . = ALIGN (0x4)
 *(.text)
 .text          0x0800010c       0x40 C:/ST/STM32CubeIDE_1.19.0/STM32CubeIDE/plugins/com.st.stm32cube.ide.mcu.externaltools.gnu-tools-for-stm32.13.3.rel1.win32_1.0.0.202411081344/tools/bin/../lib/gcc/arm-none-eabi/13.3.1/thumb/v7-m/nofp/crtbegin.o
 *(.text*)
 .text.App_Init
                0x0800014c       0x38 ./Core/Src/main.o
                0x0800014c                App_Init
 .text.App_Loop
                0x08000184       0x34 ./Core/Src/main.o
                0x08000184                App_Loop
 .text.main     0x080001b8       0x22 ./Core/Src/main.o
                0x080001b8                main
 .text.SystemClock_Config
                0x080001da       0x82 ./Core/Src/main.o
                0x080001da                SystemClock_Config
 .text.MX_CAN_Init
                0x0800025c       0x6c ./Core/Src/main.o
 .text.MX_TIM3_Init
                0x080002c8       0xb4 ./Core/Src/main.o
 .text.MX_GPIO_Init
                0x0800037c       0x94 ./Core/Src/main.o
 .text.Error_Handler
                0x08000410        0xc ./Core/Src/main.o
                0x08000410                Error_Handler
 .text.HAL_MspInit
                0x0800041c       0x64 ./Core/Src/stm32f1xx_hal_msp.o
                0x0800041c                HAL_MspInit
 .text.HAL_CAN_MspInit
                0x08000480       0xa8 ./Core/Src/stm32f1xx_hal_msp.o
                0x08000480                HAL_CAN_MspInit
 .text.HAL_TIM_PWM_MspInit
                0x08000528       0x3c ./Core/Src/stm32f1xx_hal_msp.o
                0x08000528                HAL_TIM_PWM_MspInit
 .text.HAL_TIM_MspPostInit
                0x08000564       0x64 ./Core/Src/stm32f1xx_hal_msp.o
                0x08000564                HAL_TIM_MspPostInit
 .text.NMI_Handler
                0x080005c8        0x8 ./Core/Src/stm32f1xx_it.o
                0x080005c8                NMI_Handler
 .text.HardFault_Handler
                0x080005d0        0x8 ./Core/Src/stm32f1xx_it.o
                0x080005d0                HardFault_Handler
 .text.MemManage_Handler
                0x080005d8        0x8 ./Core/Src/stm32f1xx_it.o
                0x080005d8                MemManage_Handler
 .text.BusFault_Handler
                0x080005e0        0x8 ./Core/Src/stm32f1xx_it.o
                0x080005e0                BusFault_Handler
 .text.UsageFault_Handler
                0x080005e8        0x8 ./Core/Src/stm32f1xx_it.o
                0x080005e8                UsageFault_Handler
 .text.SVC_Handler
                0x080005f0        0xc ./Core/Src/stm32f1xx_it.o
                0x080005f0                SVC_Handler
 .text.DebugMon_Handler
                0x080005fc        0xc ./Core/Src/stm32f1xx_it.o
                0x080005fc                DebugMon_Handler
 .text.PendSV_Handler
                0x08000608        0xc ./Core/Src/stm32f1xx_it.o
                0x08000608                PendSV_Handler
 .text.SysTick_Handler
                0x08000614        0xc ./Core/Src/stm32f1xx_it.o
                0x08000614                SysTick_Handler
 .text.USB_LP_CAN1_RX0_IRQHandler
                0x08000620       0x14 ./Core/Src/stm32f1xx_it.o
                0x08000620                USB_LP_CAN1_RX0_IRQHandler
 .text.SystemInit
                0x08000634        0xc ./Core/Src/system_stm32f1xx.o
                0x08000634                SystemInit
 .text.Reset_Handler
                0x08000640       0x48 ./Core/Startup/startup_stm32f103c8tx.o
                0x08000640                Reset_Handler
 .text.Default_Handler
                0x08000688        0x2 ./Core/Startup/startup_stm32f103c8tx.o
                0x08000688                RTC_Alarm_IRQHandler
                0x08000688                EXTI2_IRQHandler
                0x08000688                TIM1_CC_IRQHandler
                0x08000688                PVD_IRQHandler
                0x08000688                EXTI3_IRQHandler
                0x08000688                EXTI0_IRQHandler
                0x08000688                I2C2_EV_IRQHandler
                0x08000688                ADC1_2_IRQHandler
                0x08000688                SPI1_IRQHandler
                0x08000688                TAMPER_IRQHandler
                0x08000688                DMA1_Channel4_IRQHandler
                0x08000688                USART3_IRQHandler
                0x08000688                RTC_IRQHandler
                0x08000688                DMA1_Channel7_IRQHandler
                0x08000688                CAN1_RX1_IRQHandler
                0x08000688                TIM4_IRQHandler
                0x08000688                I2C1_EV_IRQHandler
                0x08000688                DMA1_Channel6_IRQHandler
                0x08000688                TIM3_IRQHandler
                0x08000688                RCC_IRQHandler
                0x08000688                TIM1_TRG_COM_IRQHandler
                0x08000688                DMA1_Channel1_IRQHandler
                0x08000688                Default_Handler
                0x08000688                EXTI15_10_IRQHandler
                0x08000688                EXTI9_5_IRQHandler
                0x08000688                SPI2_IRQHandler
                0x08000688                DMA1_Channel5_IRQHandler
                0x08000688                EXTI4_IRQHandler
                0x08000688                USB_HP_CAN1_TX_IRQHandler
                0x08000688                DMA1_Channel3_IRQHandler
                0x08000688                TIM1_UP_IRQHandler
                0x08000688                WWDG_IRQHandler
                0x08000688                TIM2_IRQHandler
                0x08000688                TIM1_BRK_IRQHandler
                0x08000688                EXTI1_IRQHandler
                0x08000688                USART2_IRQHandler
                0x08000688                I2C2_ER_IRQHandler
                0x08000688                DMA1_Channel2_IRQHandler
                0x08000688                CAN1_SCE_IRQHandler
                0x08000688                FLASH_IRQHandler
                0x08000688                USART1_IRQHandler
                0x08000688                I2C1_ER_IRQHandler
                0x08000688                USBWakeUp_IRQHandler
 *fill*         0x0800068a        0x2 
 .text.HAL_Init
                0x0800068c       0x2c ./Drivers/STM32F1xx_HAL_Driver/Src/stm32f1xx_hal.o
                0x0800068c                HAL_Init
 .text.HAL_InitTick
                0x080006b8       0x60 ./Drivers/STM32F1xx_HAL_Driver/Src/stm32f1xx_hal.o
                0x080006b8                HAL_InitTick
 .text.HAL_IncTick
                0x08000718       0x24 ./Drivers/STM32F1xx_HAL_Driver/Src/stm32f1xx_hal.o
                0x08000718                HAL_IncTick
 .text.HAL_GetTick
                0x0800073c       0x14 ./Drivers/STM32F1xx_HAL_Driver/Src/stm32f1xx_hal.o
                0x0800073c                HAL_GetTick
 .text.HAL_CAN_Init
                0x08000750      0x1f6 ./Drivers/STM32F1xx_HAL_Driver/Src/stm32f1xx_hal_can.o
                0x08000750                HAL_CAN_Init
 .text.HAL_CAN_ConfigFilter
                0x08000946      0x192 ./Drivers/STM32F1xx_HAL_Driver/Src/stm32f1xx_hal_can.o
                0x08000946                HAL_CAN_ConfigFilter
 .text.HAL_CAN_Start
                0x08000ad8       0x88 ./Drivers/STM32F1xx_HAL_Driver/Src/stm32f1xx_hal_can.o
                0x08000ad8                HAL_CAN_Start
 .text.HAL_CAN_ActivateNotification
                0x08000b60       0x4a ./Drivers/STM32F1xx_HAL_Driver/Src/stm32f1xx_hal_can.o
                0x08000b60                HAL_CAN_ActivateNotification
 .text.HAL_CAN_IRQHandler
                0x08000baa      0x36e ./Drivers/STM32F1xx_HAL_Driver/Src/stm32f1xx_hal_can.o
                0x08000baa                HAL_CAN_IRQHandler
 .text.HAL_CAN_TxMailbox0CompleteCallback
                0x08000f18       0x12 ./Drivers/STM32F1xx_HAL_Driver/Src/stm32f1xx_hal_can.o
                0x08000f18                HAL_CAN_TxMailbox0CompleteCallback
 .text.HAL_CAN_TxMailbox1CompleteCallback
                0x08000f2a       0x12 ./Drivers/STM32F1xx_HAL_Driver/Src/stm32f1xx_hal_can.o
                0x08000f2a                HAL_CAN_TxMailbox1CompleteCallback
 .text.HAL_CAN_TxMailbox2CompleteCallback
                0x08000f3c       0x12 ./Drivers/STM32F1xx_HAL_Driver/Src/stm32f1xx_hal_can.o
                0x08000f3c                HAL_CAN_TxMailbox2CompleteCallback
 .text.HAL_CAN_TxMailbox0AbortCallback
                0x08000f4e       0x12 ./Drivers/STM32F1xx_HAL_Driver/Src/stm32f1xx_hal_can.o
                0x08000f4e                HAL_CAN_TxMailbox0AbortCallback
 .text.HAL_CAN_TxMailbox1AbortCallback
                0x08000f60       0x12 ./Drivers/STM32F1xx_HAL_Driver/Src/stm32f1xx_hal_can.o
                0x08000f60                HAL_CAN_TxMailbox1AbortCallback
 .text.HAL_CAN_TxMailbox2AbortCallback
                0x08000f72       0x12 ./Drivers/STM32F1xx_HAL_Driver/Src/stm32f1xx_hal_can.o
                0x08000f72                HAL_CAN_TxMailbox2AbortCallback
 .text.HAL_CAN_RxFifo0MsgPendingCallback
                0x08000f84       0x12 ./Drivers/STM32F1xx_HAL_Driver/Src/stm32f1xx_hal_can.o
                0x08000f84                HAL_CAN_RxFifo0MsgPendingCallback
 .text.HAL_CAN_RxFifo0FullCallback
                0x08000f96       0x12 ./Drivers/STM32F1xx_HAL_Driver/Src/stm32f1xx_hal_can.o
                0x08000f96                HAL_CAN_RxFifo0FullCallback
 .text.HAL_CAN_RxFifo1MsgPendingCallback
                0x08000fa8       0x12 ./Drivers/STM32F1xx_HAL_Driver/Src/stm32f1xx_hal_can.o
                0x08000fa8                HAL_CAN_RxFifo1MsgPendingCallback
 .text.HAL_CAN_RxFifo1FullCallback
                0x08000fba       0x12 ./Drivers/STM32F1xx_HAL_Driver/Src/stm32f1xx_hal_can.o
                0x08000fba                HAL_CAN_RxFifo1FullCallback
 .text.HAL_CAN_SleepCallback
                0x08000fcc       0x12 ./Drivers/STM32F1xx_HAL_Driver/Src/stm32f1xx_hal_can.o
                0x08000fcc                HAL_CAN_SleepCallback
 .text.HAL_CAN_WakeUpFromRxMsgCallback
                0x08000fde       0x12 ./Drivers/STM32F1xx_HAL_Driver/Src/stm32f1xx_hal_can.o
                0x08000fde                HAL_CAN_WakeUpFromRxMsgCallback
 .text.HAL_CAN_ErrorCallback
                0x08000ff0       0x12 ./Drivers/STM32F1xx_HAL_Driver/Src/stm32f1xx_hal_can.o
                0x08000ff0                HAL_CAN_ErrorCallback
 *fill*         0x08001002        0x2 
 .text.__NVIC_SetPriorityGrouping
                0x08001004       0x48 ./Drivers/STM32F1xx_HAL_Driver/Src/stm32f1xx_hal_cortex.o
 .text.__NVIC_GetPriorityGrouping
                0x0800104c       0x1c ./Drivers/STM32F1xx_HAL_Driver/Src/stm32f1xx_hal_cortex.o
 .text.__NVIC_EnableIRQ
                0x08001068       0x38 ./Drivers/STM32F1xx_HAL_Driver/Src/stm32f1xx_hal_cortex.o
 .text.__NVIC_SetPriority
                0x080010a0       0x54 ./Drivers/STM32F1xx_HAL_Driver/Src/stm32f1xx_hal_cortex.o
 .text.NVIC_EncodePriority
                0x080010f4       0x64 ./Drivers/STM32F1xx_HAL_Driver/Src/stm32f1xx_hal_cortex.o
 .text.SysTick_Config
                0x08001158       0x44 ./Drivers/STM32F1xx_HAL_Driver/Src/stm32f1xx_hal_cortex.o
 .text.HAL_NVIC_SetPriorityGrouping
                0x0800119c       0x16 ./Drivers/STM32F1xx_HAL_Driver/Src/stm32f1xx_hal_cortex.o
                0x0800119c                HAL_NVIC_SetPriorityGrouping
 .text.HAL_NVIC_SetPriority
                0x080011b2       0x38 ./Drivers/STM32F1xx_HAL_Driver/Src/stm32f1xx_hal_cortex.o
                0x080011b2                HAL_NVIC_SetPriority
 .text.HAL_NVIC_EnableIRQ
                0x080011ea       0x1c ./Drivers/STM32F1xx_HAL_Driver/Src/stm32f1xx_hal_cortex.o
                0x080011ea                HAL_NVIC_EnableIRQ
 .text.HAL_SYSTICK_Config
                0x08001206       0x18 ./Drivers/STM32F1xx_HAL_Driver/Src/stm32f1xx_hal_cortex.o
                0x08001206                HAL_SYSTICK_Config
 *fill*         0x0800121e        0x2 
 .text.HAL_GPIO_Init
                0x08001220      0x308 ./Drivers/STM32F1xx_HAL_Driver/Src/stm32f1xx_hal_gpio.o
                0x08001220                HAL_GPIO_Init
 .text.HAL_GPIO_WritePin
                0x08001528       0x30 ./Drivers/STM32F1xx_HAL_Driver/Src/stm32f1xx_hal_gpio.o
                0x08001528                HAL_GPIO_WritePin
 .text.HAL_RCC_OscConfig
                0x08001558      0x504 ./Drivers/STM32F1xx_HAL_Driver/Src/stm32f1xx_hal_rcc.o
                0x08001558                HAL_RCC_OscConfig
 .text.HAL_RCC_ClockConfig
                0x08001a5c      0x1d4 ./Drivers/STM32F1xx_HAL_Driver/Src/stm32f1xx_hal_rcc.o
                0x08001a5c                HAL_RCC_ClockConfig
 .text.HAL_RCC_GetSysClockFreq
                0x08001c30       0xa8 ./Drivers/STM32F1xx_HAL_Driver/Src/stm32f1xx_hal_rcc.o
                0x08001c30                HAL_RCC_GetSysClockFreq
 .text.RCC_Delay
                0x08001cd8       0x3c ./Drivers/STM32F1xx_HAL_Driver/Src/stm32f1xx_hal_rcc.o
 .text.HAL_TIM_PWM_Init
                0x08001d14       0x9e ./Drivers/STM32F1xx_HAL_Driver/Src/stm32f1xx_hal_tim.o
                0x08001d14                HAL_TIM_PWM_Init
 *fill*         0x08001db2        0x2 
 .text.HAL_TIM_PWM_ConfigChannel
                0x08001db4      0x184 ./Drivers/STM32F1xx_HAL_Driver/Src/stm32f1xx_hal_tim.o
                0x08001db4                HAL_TIM_PWM_ConfigChannel
 .text.TIM_Base_SetConfig
                0x08001f38       0xdc ./Drivers/STM32F1xx_HAL_Driver/Src/stm32f1xx_hal_tim.o
                0x08001f38                TIM_Base_SetConfig
 .text.TIM_OC1_SetConfig
                0x08002014       0xcc ./Drivers/STM32F1xx_HAL_Driver/Src/stm32f1xx_hal_tim.o
 .text.TIM_OC2_SetConfig
                0x080020e0       0xd4 ./Drivers/STM32F1xx_HAL_Driver/Src/stm32f1xx_hal_tim.o
                0x080020e0                TIM_OC2_SetConfig
 .text.TIM_OC3_SetConfig
                0x080021b4       0xd4 ./Drivers/STM32F1xx_HAL_Driver/Src/stm32f1xx_hal_tim.o
 .text.TIM_OC4_SetConfig
                0x08002288       0x9c ./Drivers/STM32F1xx_HAL_Driver/Src/stm32f1xx_hal_tim.o
 .text.HAL_TIMEx_MasterConfigSynchronization
                0x08002324       0xbc ./Drivers/STM32F1xx_HAL_Driver/Src/stm32f1xx_hal_tim_ex.o
                0x08002324                HAL_TIMEx_MasterConfigSynchronization
 .text.Buzzer_Init
                0x080023e0       0x60 ./EcuA/Buzzer.o
                0x080023e0                Buzzer_Init
 .text.Buzzer_Set
                0x08002440       0x2c ./EcuA/Buzzer.o
                0x08002440                Buzzer_Set
 .text.CanIf_Init
                0x0800246c        0xc ./EcuA/CanIf.o
                0x0800246c                CanIf_Init
 .text.Can_Init
                0x08002478       0x1c ./MCAL/Can.o
                0x08002478                Can_Init
 .text.Can_ConfigFilter
                0x08002494       0x60 ./MCAL/Can.o
                0x08002494                Can_ConfigFilter
 .text.Can_Start
                0x080024f4       0x24 ./MCAL/Can.o
                0x080024f4                Can_Start
 .text.Dio_WritePin
                0x08002518       0x24 ./MCAL/Dio.o
                0x08002518                Dio_WritePin
 .text.Rte_Init
                0x0800253c       0x10 ./RTE/Rte.o
                0x0800253c                Rte_Init
 .text.Rte_Read_Temp_x10
                0x0800254c       0x10 ./RTE/Rte.o
                0x0800254c                Rte_Read_Temp_x10
 .text.Rte_Read_Humi_x10
                0x0800255c       0x10 ./RTE/Rte.o
                0x0800255c                Rte_Read_Humi_x10
 .text.Rte_Call_Buzzer_Set
                0x0800256c       0x1a ./RTE/Rte.o
                0x0800256c                Rte_Call_Buzzer_Set
 *fill*         0x08002586        0x2 
 .text.Swc_Alarm_Init
                0x08002588       0x18 ./SWC/Swc_Alarm.o
                0x08002588                Swc_Alarm_Init
 .text.Swc_Alarm_Runnable_100ms
                0x080025a0       0x7c ./SWC/Swc_Alarm.o
                0x080025a0                Swc_Alarm_Runnable_100ms
 .text.Com_Init
                0x0800261c       0x34 ./Services/Com.o
                0x0800261c                Com_Init
 .text.Com_ReadSignal
                0x08002650       0x24 ./Services/Com.o
                0x08002650                Com_ReadSignal
 .text.memset   0x08002674       0x10 C:/ST/STM32CubeIDE_1.19.0/STM32CubeIDE/plugins/com.st.stm32cube.ide.mcu.externaltools.gnu-tools-for-stm32.13.3.rel1.win32_1.0.0.202411081344/tools/bin/../lib/gcc/arm-none-eabi/13.3.1/../../../../arm-none-eabi/lib/thumb/v7-m/nofp\libc_nano.a(libc_a-memset.o)
                0x08002674                memset
 .text.__libc_init_array
                0x08002684       0x48 C:/ST/STM32CubeIDE_1.19.0/STM32CubeIDE/plugins/com.st.stm32cube.ide.mcu.externaltools.gnu-tools-for-stm32.13.3.rel1.win32_1.0.0.202411081344/tools/bin/../lib/gcc/arm-none-eabi/13.3.1/../../../../arm-none-eabi/lib/thumb/v7-m/nofp\libc_nano.a(libc_a-init.o)
                0x08002684                __libc_init_array
 *(.glue_7)
 .glue_7        0x080026cc        0x0 linker stubs
 *(.glue_7t)
 .glue_7t       0x080026cc        0x0 linker stubs
 *(.eh_frame)
 .eh_frame      0x080026cc        0x0 C:/ST/STM32CubeIDE_1.19.0/STM32CubeIDE/plugins/com.st.stm32cube.ide.mcu.externaltools.gnu-tools-for-stm32.13.3.rel1.win32_1.0.0.202411081344/tools/bin/../lib/gcc/arm-none-eabi/13.3.1/thumb/v7-m/nofp/crtbegin.o
 *(.init)
 .init          0x080026cc        0x4 C:/ST/STM32CubeIDE_1.19.0/STM32CubeIDE/plugins/com.st.stm32cube.ide.mcu.externaltools.gnu-tools-for-stm32.13.3.rel1.win32_1.0.0.202411081344/tools/bin/../lib/gcc/arm-none-eabi/13.3.1/thumb/v7-m/nofp/crti.o
                0x080026cc                _init
 .init          0x080026d0        0x8 C:/ST/STM32CubeIDE_1.19.0/STM32CubeIDE/plugins/com.st.stm32cube.ide.mcu.externaltools.gnu-tools-for-stm32.13.3.rel1.win32_1.0.0.202411081344/tools/bin/../lib/gcc/arm-none-eabi/13.3.1/thumb/v7-m/nofp/crtn.o
 *(.fini)
 .fini          0x080026d8        0x4 C:/ST/STM32CubeIDE_1.19.0/STM32CubeIDE/plugins/com.st.stm32cube.ide.mcu.externaltools.gnu-tools-for-stm32.13.3.rel1.win32_1.0.0.202411081344/tools/bin/../lib/gcc/arm-none-eabi/13.3.1/thumb/v7-m/nofp/crti.o
                0x080026d8                _fini
 .fini          0x080026dc        0x8 C:/ST/STM32CubeIDE_1.19.0/STM32CubeIDE/plugins/com.st.stm32cube.ide.mcu.externaltools.gnu-tools-for-stm32.13.3.rel1.win32_1.0.0.202411081344/tools/bin/../lib/gcc/arm-none-eabi/13.3.1/thumb/v7-m/nofp/crtn.o
                0x080026e4                        . = ALIGN (0x4)
                0x080026e4                        _etext = .

.vfp11_veneer   0x080026e4        0x0
 .vfp11_veneer  0x080026e4        0x0 linker stubs

.v4_bx          0x080026e4        0x0
 .v4_bx         0x080026e4        0x0 linker stubs

.iplt           0x080026e4        0x0
 .iplt          0x080026e4        0x0 C:/ST/STM32CubeIDE_1.19.0/STM32CubeIDE/plugins/com.st.stm32cube.ide.mcu.externaltools.gnu-tools-for-stm32.13.3.rel1.win32_1.0.0.202411081344/tools/bin/../lib/gcc/arm-none-eabi/13.3.1/thumb/v7-m/nofp/crtbegin.o

.rodata         0x080026e4       0x24
                0x080026e4                        . = ALIGN (0x4)
 *(.rodata)
 *(.rodata*)
 .rodata.AHBPrescTable
                0x080026e4       0x10 ./Core/Src/system_stm32f1xx.o
                0x080026e4                AHBPrescTable
 .rodata.aPLLMULFactorTable.1
                0x080026f4       0x10 ./Drivers/STM32F1xx_HAL_Driver/Src/stm32f1xx_hal_rcc.o
 .rodata.aPredivFactorTable.0
                0x08002704        0x2 ./Drivers/STM32F1xx_HAL_Driver/Src/stm32f1xx_hal_rcc.o
                0x08002708                        . = ALIGN (0x4)
 *fill*         0x08002706        0x2 

.ARM.extab      0x08002708        0x0
                0x08002708                        . = ALIGN (0x4)
 *(.ARM.extab* .gnu.linkonce.armextab.*)
                0x08002708                        . = ALIGN (0x4)

.ARM            0x08002708        0x0
                0x08002708                        . = ALIGN (0x4)
                0x08002708                        __exidx_start = .
 *(.ARM.exidx*)
                0x08002708                        __exidx_end = .
                0x08002708                        . = ALIGN (0x4)

.preinit_array  0x08002708        0x0
                0x08002708                        . = ALIGN (0x4)
                0x08002708                        PROVIDE (__preinit_array_start = .)
 *(.preinit_array*)
                0x08002708                        PROVIDE (__preinit_array_end = .)
                0x08002708                        . = ALIGN (0x4)

.init_array     0x08002708        0x4
                0x08002708                        . = ALIGN (0x4)
                0x08002708                        PROVIDE (__init_array_start = .)
 *(SORT_BY_NAME(.init_array.*))
 *(.init_array*)
 .init_array    0x08002708        0x4 C:/ST/STM32CubeIDE_1.19.0/STM32CubeIDE/plugins/com.st.stm32cube.ide.mcu.externaltools.gnu-tools-for-stm32.13.3.rel1.win32_1.0.0.202411081344/tools/bin/../lib/gcc/arm-none-eabi/13.3.1/thumb/v7-m/nofp/crtbegin.o
                0x0800270c                        PROVIDE (__init_array_end = .)
                0x0800270c                        . = ALIGN (0x4)

.fini_array     0x0800270c        0x4
                0x0800270c                        . = ALIGN (0x4)
                [!provide]                        PROVIDE (__fini_array_start = .)
 *(SORT_BY_NAME(.fini_array.*))
 *(.fini_array*)
 .fini_array    0x0800270c        0x4 C:/ST/STM32CubeIDE_1.19.0/STM32CubeIDE/plugins/com.st.stm32cube.ide.mcu.externaltools.gnu-tools-for-stm32.13.3.rel1.win32_1.0.0.202411081344/tools/bin/../lib/gcc/arm-none-eabi/13.3.1/thumb/v7-m/nofp/crtbegin.o
                [!provide]                        PROVIDE (__fini_array_end = .)
                0x08002710                        . = ALIGN (0x4)
                0x08002710                        _sidata = LOADADDR (.data)

.rel.dyn        0x08002710        0x0
 .rel.iplt      0x08002710        0x0 C:/ST/STM32CubeIDE_1.19.0/STM32CubeIDE/plugins/com.st.stm32cube.ide.mcu.externaltools.gnu-tools-for-stm32.13.3.rel1.win32_1.0.0.202411081344/tools/bin/../lib/gcc/arm-none-eabi/13.3.1/thumb/v7-m/nofp/crtbegin.o

.data           0x20000000        0xc load address 0x08002710
                0x20000000                        . = ALIGN (0x4)
                0x20000000                        _sdata = .
 *(.data)
 *(.data*)
 .data.SystemCoreClock
                0x20000000        0x4 ./Core/Src/system_stm32f1xx.o
                0x20000000                SystemCoreClock
 .data.uwTickPrio
                0x20000004        0x4 ./Drivers/STM32F1xx_HAL_Driver/Src/stm32f1xx_hal.o
                0x20000004                uwTickPrio
 .data.uwTickFreq
                0x20000008        0x1 ./Drivers/STM32F1xx_HAL_Driver/Src/stm32f1xx_hal.o
                0x20000008                uwTickFreq
 *(.RamFunc)
 *(.RamFunc*)
                0x2000000c                        . = ALIGN (0x4)
 *fill*         0x20000009        0x3 
                0x2000000c                        _edata = .

.igot.plt       0x2000000c        0x0 load address 0x0800271c
 .igot.plt      0x2000000c        0x0 C:/ST/STM32CubeIDE_1.19.0/STM32CubeIDE/plugins/com.st.stm32cube.ide.mcu.externaltools.gnu-tools-for-stm32.13.3.rel1.win32_1.0.0.202411081344/tools/bin/../lib/gcc/arm-none-eabi/13.3.1/thumb/v7-m/nofp/crtbegin.o
                0x2000000c                        . = ALIGN (0x4)

.bss            0x2000000c       0xa0 load address 0x0800271c
                0x2000000c                        _sbss = .
                0x2000000c                        __bss_start__ = _sbss
 *(.bss)
 .bss           0x2000000c       0x1c C:/ST/STM32CubeIDE_1.19.0/STM32CubeIDE/plugins/com.st.stm32cube.ide.mcu.externaltools.gnu-tools-for-stm32.13.3.rel1.win32_1.0.0.202411081344/tools/bin/../lib/gcc/arm-none-eabi/13.3.1/thumb/v7-m/nofp/crtbegin.o
 *(.bss*)
 .bss.hcan      0x20000028       0x28 ./Core/Src/main.o
                0x20000028                hcan
 .bss.htim3     0x20000050       0x48 ./Core/Src/main.o
                0x20000050                htim3
 .bss.tick      0x20000098        0x4 ./Core/Src/main.o
 .bss.uwTick    0x2000009c        0x4 ./Drivers/STM32F1xx_HAL_Driver/Src/stm32f1xx_hal.o
                0x2000009c                uwTick
 .bss.s_hcan    0x200000a0        0x4 ./MCAL/Can.o
 .bss.s_alarm   0x200000a4        0x1 ./SWC/Swc_Alarm.o
 *fill*         0x200000a5        0x3 
 .bss.s_sigBuf  0x200000a8        0x4 ./Services/Com.o
 *(COMMON)
                0x200000ac                        . = ALIGN (0x4)
                0x200000ac                        _ebss = .
                0x200000ac                        __bss_end__ = _ebss

._user_heap_stack
                0x200000ac      0x604 load address 0x0800271c
                0x200000b0                        . = ALIGN (0x8)
 *fill*         0x200000ac        0x4 
                [!provide]                        PROVIDE (end = .)
                0x200000b0                        PROVIDE (_end = .)
                0x200002b0                        . = (. + _Min_Heap_Size)
 *fill*         0x200000b0      0x200 
                0x200006b0                        . = (. + _Min_Stack_Size)
 *fill*         0x200002b0      0x400 
                0x200006b0                        . = ALIGN (0x8)

/DISCARD/
 libc.a(*)
 libm.a(*)
 libgcc.a(*)

.ARM.attributes
                0x00000000       0x29
 *(.ARM.attributes)
 .ARM.attributes
                0x00000000       0x1d C:/ST/STM32CubeIDE_1.19.0/STM32CubeIDE/plugins/com.st.stm32cube.ide.mcu.externaltools.gnu-tools-for-stm32.13.3.rel1.win32_1.0.0.202411081344/tools/bin/../lib/gcc/arm-none-eabi/13.3.1/thumb/v7-m/nofp/crti.o
 .ARM.attributes
                0x0000001d       0x2d C:/ST/STM32CubeIDE_1.19.0/STM32CubeIDE/plugins/com.st.stm32cube.ide.mcu.externaltools.gnu-tools-for-stm32.13.3.rel1.win32_1.0.0.202411081344/tools/bin/../lib/gcc/arm-none-eabi/13.3.1/thumb/v7-m/nofp/crtbegin.o
 .ARM.attributes
                0x0000004a       0x2d ./Core/Src/main.o
 .ARM.attributes
                0x00000077       0x2d ./Core/Src/stm32f1xx_hal_msp.o
 .ARM.attributes
                0x000000a4       0x2d ./Core/Src/stm32f1xx_it.o
 .ARM.attributes
                0x000000d1       0x2d ./Core/Src/system_stm32f1xx.o
 .ARM.attributes
                0x000000fe       0x21 ./Core/Startup/startup_stm32f103c8tx.o
 .ARM.attributes
                0x0000011f       0x2d ./Drivers/STM32F1xx_HAL_Driver/Src/stm32f1xx_hal.o
 .ARM.attributes
                0x0000014c       0x2d ./Drivers/STM32F1xx_HAL_Driver/Src/stm32f1xx_hal_can.o
 .ARM.attributes
                0x00000179       0x2d ./Drivers/STM32F1xx_HAL_Driver/Src/stm32f1xx_hal_cortex.o
 .ARM.attributes
                0x000001a6       0x2d ./Drivers/STM32F1xx_HAL_Driver/Src/stm32f1xx_hal_gpio.o
 .ARM.attributes
                0x000001d3       0x2d ./Drivers/STM32F1xx_HAL_Driver/Src/stm32f1xx_hal_rcc.o
 .ARM.attributes
                0x00000200       0x2d ./Drivers/STM32F1xx_HAL_Driver/Src/stm32f1xx_hal_tim.o
 .ARM.attributes
                0x0000022d       0x2d ./Drivers/STM32F1xx_HAL_Driver/Src/stm32f1xx_hal_tim_ex.o
 .ARM.attributes
                0x0000025a       0x2d ./EcuA/Buzzer.o
 .ARM.attributes
                0x00000287       0x2d ./EcuA/CanIf.o
 .ARM.attributes
                0x000002b4       0x2d ./MCAL/Can.o
 .ARM.attributes
                0x000002e1       0x2d ./MCAL/Dio.o
 .ARM.attributes
                0x0000030e       0x2d ./RTE/Rte.o
 .ARM.attributes
                0x0000033b       0x2d ./SWC/Swc_Alarm.o
 .ARM.attributes
                0x00000368       0x2d ./Services/Com.o
 .ARM.attributes
                0x00000395       0x2d C:/ST/STM32CubeIDE_1.19.0/STM32CubeIDE/plugins/com.st.stm32cube.ide.mcu.externaltools.gnu-tools-for-stm32.13.3.rel1.win32_1.0.0.202411081344/tools/bin/../lib/gcc/arm-none-eabi/13.3.1/../../../../arm-none-eabi/lib/thumb/v7-m/nofp\libc_nano.a(libc_a-memset.o)
 .ARM.attributes
                0x000003c2       0x2d C:/ST/STM32CubeIDE_1.19.0/STM32CubeIDE/plugins/com.st.stm32cube.ide.mcu.externaltools.gnu-tools-for-stm32.13.3.rel1.win32_1.0.0.202411081344/tools/bin/../lib/gcc/arm-none-eabi/13.3.1/../../../../arm-none-eabi/lib/thumb/v7-m/nofp\libc_nano.a(libc_a-init.o)
 .ARM.attributes
                0x000003ef       0x1d C:/ST/STM32CubeIDE_1.19.0/STM32CubeIDE/plugins/com.st.stm32cube.ide.mcu.externaltools.gnu-tools-for-stm32.13.3.rel1.win32_1.0.0.202411081344/tools/bin/../lib/gcc/arm-none-eabi/13.3.1/thumb/v7-m/nofp/crtn.o
OUTPUT(stm32f1_node.elf elf32-littlearm)
LOAD linker stubs
LOAD C:/ST/STM32CubeIDE_1.19.0/STM32CubeIDE/plugins/com.st.stm32cube.ide.mcu.externaltools.gnu-tools-for-stm32.13.3.rel1.win32_1.0.0.202411081344/tools/bin/../lib/gcc/arm-none-eabi/13.3.1/../../../../arm-none-eabi/lib/thumb/v7-m/nofp\libc.a
LOAD C:/ST/STM32CubeIDE_1.19.0/STM32CubeIDE/plugins/com.st.stm32cube.ide.mcu.externaltools.gnu-tools-for-stm32.13.3.rel1.win32_1.0.0.202411081344/tools/bin/../lib/gcc/arm-none-eabi/13.3.1/../../../../arm-none-eabi/lib/thumb/v7-m/nofp\libm.a
LOAD C:/ST/STM32CubeIDE_1.19.0/STM32CubeIDE/plugins/com.st.stm32cube.ide.mcu.externaltools.gnu-tools-for-stm32.13.3.rel1.win32_1.0.0.202411081344/tools/bin/../lib/gcc/arm-none-eabi/13.3.1/thumb/v7-m/nofp\libgcc.a

.debug_info     0x00000000     0xa33a
 .debug_info    0x00000000      0xff9 ./Core/Src/main.o
 .debug_info    0x00000ff9      0xec7 ./Core/Src/stm32f1xx_hal_msp.o
 .debug_info    0x00001ec0      0x501 ./Core/Src/stm32f1xx_it.o
 .debug_info    0x000023c1      0x222 ./Core/Src/system_stm32f1xx.o
 .debug_info    0x000025e3       0x30 ./Core/Startup/startup_stm32f103c8tx.o
 .debug_info    0x00002613      0x704 ./Drivers/STM32F1xx_HAL_Driver/Src/stm32f1xx_hal.o
 .debug_info    0x00002d17      0xf13 ./Drivers/STM32F1xx_HAL_Driver/Src/stm32f1xx_hal_can.o
 .debug_info    0x00003c2a      0xa87 ./Drivers/STM32F1xx_HAL_Driver/Src/stm32f1xx_hal_cortex.o
 .debug_info    0x000046b1      0x5ab ./Drivers/STM32F1xx_HAL_Driver/Src/stm32f1xx_hal_gpio.o
 .debug_info    0x00004c5c      0x7d5 ./Drivers/STM32F1xx_HAL_Driver/Src/stm32f1xx_hal_rcc.o
 .debug_info    0x00005431     0x2959 ./Drivers/STM32F1xx_HAL_Driver/Src/stm32f1xx_hal_tim.o
 .debug_info    0x00007d8a     0x149b ./Drivers/STM32F1xx_HAL_Driver/Src/stm32f1xx_hal_tim_ex.o
 .debug_info    0x00009225      0x2be ./EcuA/Buzzer.o
 .debug_info    0x000094e3      0x11a ./EcuA/CanIf.o
 .debug_info    0x000095fd      0x731 ./MCAL/Can.o
 .debug_info    0x00009d2e      0x19e ./MCAL/Dio.o
 .debug_info    0x00009ecc      0x16d ./RTE/Rte.o
 .debug_info    0x0000a039      0x125 ./SWC/Swc_Alarm.o
 .debug_info    0x0000a15e      0x1dc ./Services/Com.o

.debug_abbrev   0x00000000     0x2093
 .debug_abbrev  0x00000000      0x2f6 ./Core/Src/main.o
 .debug_abbrev  0x000002f6      0x236 ./Core/Src/stm32f1xx_hal_msp.o
 .debug_abbrev  0x0000052c      0x17c ./Core/Src/stm32f1xx_it.o
 .debug_abbrev  0x000006a8      0x13f ./Core/Src/system_stm32f1xx.o
 .debug_abbrev  0x000007e7       0x24 ./Core/Startup/startup_stm32f103c8tx.o
 .debug_abbrev  0x0000080b      0x201 ./Drivers/STM32F1xx_HAL_Driver/Src/stm32f1xx_hal.o
 .debug_abbrev  0x00000a0c      0x21c ./Drivers/STM32F1xx_HAL_Driver/Src/stm32f1xx_hal_can.o
 .debug_abbrev  0x00000c28      0x2f8 ./Drivers/STM32F1xx_HAL_Driver/Src/stm32f1xx_hal_cortex.o
 .debug_abbrev  0x00000f20      0x1ca ./Drivers/STM32F1xx_HAL_Driver/Src/stm32f1xx_hal_gpio.o
 .debug_abbrev  0x000010ea      0x2b3 ./Drivers/STM32F1xx_HAL_Driver/Src/stm32f1xx_hal_rcc.o
 .debug_abbrev  0x0000139d      0x277 ./Drivers/STM32F1xx_HAL_Driver/Src/stm32f1xx_hal_tim.o
 .debug_abbrev  0x00001614      0x282 ./Drivers/STM32F1xx_HAL_Driver/Src/stm32f1xx_hal_tim_ex.o
 .debug_abbrev  0x00001896      0x16f ./EcuA/Buzzer.o
 .debug_abbrev  0x00001a05       0xbf ./EcuA/CanIf.o
 .debug_abbrev  0x00001ac4      0x1df ./MCAL/Can.o
 .debug_abbrev  0x00001ca3      0x104 ./MCAL/Dio.o
 .debug_abbrev  0x00001da7      0x101 ./RTE/Rte.o
 .debug_abbrev  0x00001ea8       0xc7 ./SWC/Swc_Alarm.o
 .debug_abbrev  0x00001f6f      0x124 ./Services/Com.o

.debug_aranges  0x00000000      0xbc8
 .debug_aranges
                0x00000000       0x58 ./Core/Src/main.o
 .debug_aranges
                0x00000058       0x48 ./Core/Src/stm32f1xx_hal_msp.o
 .debug_aranges
                0x000000a0       0x68 ./Core/Src/stm32f1xx_it.o
 .debug_aranges
                0x00000108       0x28 ./Core/Src/system_stm32f1xx.o
 .debug_aranges
                0x00000130       0x28 ./Core/Startup/startup_stm32f103c8tx.o
 .debug_aranges
                0x00000158       0xe0 ./Drivers/STM32F1xx_HAL_Driver/Src/stm32f1xx_hal.o
 .debug_aranges
                0x00000238      0x138 ./Drivers/STM32F1xx_HAL_Driver/Src/stm32f1xx_hal_can.o
 .debug_aranges
                0x00000370      0x100 ./Drivers/STM32F1xx_HAL_Driver/Src/stm32f1xx_hal_cortex.o
 .debug_aranges
                0x00000470       0x58 ./Drivers/STM32F1xx_HAL_Driver/Src/stm32f1xx_hal_gpio.o
 .debug_aranges
                0x000004c8       0x90 ./Drivers/STM32F1xx_HAL_Driver/Src/stm32f1xx_hal_rcc.o
 .debug_aranges
                0x00000558      0x3d0 ./Drivers/STM32F1xx_HAL_Driver/Src/stm32f1xx_hal_tim.o
 .debug_aranges
                0x00000928      0x168 ./Drivers/STM32F1xx_HAL_Driver/Src/stm32f1xx_hal_tim_ex.o
 .debug_aranges
                0x00000a90       0x28 ./EcuA/Buzzer.o
 .debug_aranges
                0x00000ab8       0x28 ./EcuA/CanIf.o
 .debug_aranges
                0x00000ae0       0x38 ./MCAL/Can.o
 .debug_aranges
                0x00000b18       0x20 ./MCAL/Dio.o
 .debug_aranges
                0x00000b38       0x38 ./RTE/Rte.o
 .debug_aranges
                0x00000b70       0x28 ./SWC/Swc_Alarm.o
 .debug_aranges
                0x00000b98       0x30 ./Services/Com.o

.debug_rnglists
                0x00000000      0x8ea
 .debug_rnglists
                0x00000000       0x40 ./Core/Src/main.o
 .debug_rnglists
                0x00000040       0x32 ./Core/Src/stm32f1xx_hal_msp.o
 .debug_rnglists
                0x00000072       0x49 ./Core/Src/stm32f1xx_it.o
 .debug_rnglists
                0x000000bb       0x1a ./Core/Src/system_stm32f1xx.o
 .debug_rnglists
                0x000000d5       0x19 ./Core/Startup/startup_stm32f103c8tx.o
 .debug_rnglists
                0x000000ee       0xa3 ./Drivers/STM32F1xx_HAL_Driver/Src/stm32f1xx_hal.o
 .debug_rnglists
                0x00000191       0xed ./Drivers/STM32F1xx_HAL_Driver/Src/stm32f1xx_hal_can.o
 .debug_rnglists
                0x0000027e       0xbb ./Drivers/STM32F1xx_HAL_Driver/Src/stm32f1xx_hal_cortex.o
 .debug_rnglists
                0x00000339       0x3f ./Drivers/STM32F1xx_HAL_Driver/Src/stm32f1xx_hal_gpio.o
 .debug_rnglists
                0x00000378       0x6c ./Drivers/STM32F1xx_HAL_Driver/Src/stm32f1xx_hal_rcc.o
 .debug_rnglists
                0x000003e4      0x31a ./Drivers/STM32F1xx_HAL_Driver/Src/stm32f1xx_hal_tim.o
 .debug_rnglists
                0x000006fe      0x125 ./Drivers/STM32F1xx_HAL_Driver/Src/stm32f1xx_hal_tim_ex.o
 .debug_rnglists
                0x00000823       0x19 ./EcuA/Buzzer.o
 .debug_rnglists
                0x0000083c       0x19 ./EcuA/CanIf.o
 .debug_rnglists
                0x00000855       0x25 ./MCAL/Can.o
 .debug_rnglists
                0x0000087a       0x13 ./MCAL/Dio.o
 .debug_rnglists
                0x0000088d       0x25 ./RTE/Rte.o
 .debug_rnglists
                0x000008b2       0x19 ./SWC/Swc_Alarm.o
 .debug_rnglists
                0x000008cb       0x1f ./Services/Com.o

.debug_macro    0x00000000    0x1743d
 .debug_macro   0x00000000      0x1f7 ./Core/Src/main.o
 .debug_macro   0x000001f7      0xacc ./Core/Src/main.o
 .debug_macro   0x00000cc3      0x21b ./Core/Src/main.o
 .debug_macro   0x00000ede       0x2e ./Core/Src/main.o
 .debug_macro   0x00000f0c       0x22 ./Core/Src/main.o
 .debug_macro   0x00000f2e       0x22 ./Core/Src/main.o
 .debug_macro   0x00000f50       0x8e ./Core/Src/main.o
 .debug_macro   0x00000fde       0x51 ./Core/Src/main.o
 .debug_macro   0x0000102f      0x103 ./Core/Src/main.o
 .debug_macro   0x00001132       0x6a ./Core/Src/main.o
 .debug_macro   0x0000119c      0x1df ./Core/Src/main.o
 .debug_macro   0x0000137b       0x1c ./Core/Src/main.o
 .debug_macro   0x00001397       0x22 ./Core/Src/main.o
 .debug_macro   0x000013b9       0xbd ./Core/Src/main.o
 .debug_macro   0x00001476      0xd23 ./Core/Src/main.o
 .debug_macro   0x00002199     0xe09e ./Core/Src/main.o
 .debug_macro   0x00010237       0x6d ./Core/Src/main.o
 .debug_macro   0x000102a4     0x34a2 ./Core/Src/main.o
 .debug_macro   0x00013746      0x190 ./Core/Src/main.o
 .debug_macro   0x000138d6       0x5c ./Core/Src/main.o
 .debug_macro   0x00013932      0x5bc ./Core/Src/main.o
 .debug_macro   0x00013eee      0x289 ./Core/Src/main.o
 .debug_macro   0x00014177      0x1cb ./Core/Src/main.o
 .debug_macro   0x00014342      0x114 ./Core/Src/main.o
 .debug_macro   0x00014456      0x1b2 ./Core/Src/main.o
 .debug_macro   0x00014608       0x27 ./Core/Src/main.o
 .debug_macro   0x0001462f      0x136 ./Core/Src/main.o
 .debug_macro   0x00014765      0x1bc ./Core/Src/main.o
 .debug_macro   0x00014921       0x34 ./Core/Src/main.o
 .debug_macro   0x00014955       0x3c ./Core/Src/main.o
 .debug_macro   0x00014991      0x408 ./Core/Src/main.o
 .debug_macro   0x00014d99       0x57 ./Core/Src/main.o
 .debug_macro   0x00014df0       0x87 ./Core/Src/main.o
 .debug_macro   0x00014e77      0x240 ./Core/Src/main.o
 .debug_macro   0x000150b7      0x140 ./Core/Src/main.o
 .debug_macro   0x000151f7      0x8ed ./Core/Src/main.o
 .debug_macro   0x00015ae4       0x83 ./Core/Src/main.o
 .debug_macro   0x00015b67       0x28 ./Core/Src/main.o
 .debug_macro   0x00015b8f       0x10 ./Core/Src/main.o
 .debug_macro   0x00015b9f      0x1ad ./Core/Src/stm32f1xx_hal_msp.o
 .debug_macro   0x00015d4c      0x1c1 ./Core/Src/stm32f1xx_it.o
 .debug_macro   0x00015f0d      0x1a3 ./Core/Src/system_stm32f1xx.o
 .debug_macro   0x000160b0      0x1c7 ./Drivers/STM32F1xx_HAL_Driver/Src/stm32f1xx_hal.o
 .debug_macro   0x00016277      0x1b2 ./Drivers/STM32F1xx_HAL_Driver/Src/stm32f1xx_hal_can.o
 .debug_macro   0x00016429      0x1a3 ./Drivers/STM32F1xx_HAL_Driver/Src/stm32f1xx_hal_cortex.o
 .debug_macro   0x000165cc      0x20e ./Drivers/STM32F1xx_HAL_Driver/Src/stm32f1xx_hal_gpio.o
 .debug_macro   0x000167da      0x1b5 ./Drivers/STM32F1xx_HAL_Driver/Src/stm32f1xx_hal_rcc.o
 .debug_macro   0x0001698f      0x1a4 ./Drivers/STM32F1xx_HAL_Driver/Src/stm32f1xx_hal_tim.o
 .debug_macro   0x00016b33      0x1a3 ./Drivers/STM32F1xx_HAL_Driver/Src/stm32f1xx_hal_tim_ex.o
 .debug_macro   0x00016cd6      0x1c0 ./EcuA/Buzzer.o
 .debug_macro   0x00016e96       0x1c ./EcuA/Buzzer.o
 .debug_macro   0x00016eb2       0x8f ./EcuA/CanIf.o
 .debug_macro   0x00016f41       0x10 ./EcuA/CanIf.o
 .debug_macro   0x00016f51      0x1ad ./MCAL/Can.o
 .debug_macro   0x000170fe      0x1ad ./MCAL/Dio.o
 .debug_macro   0x000172ab       0x8b ./RTE/Rte.o
 .debug_macro   0x00017336       0x90 ./SWC/Swc_Alarm.o
 .debug_macro   0x000173c6       0x77 ./Services/Com.o

.debug_line     0x00000000     0xd5a2
 .debug_line    0x00000000      0x97c ./Core/Src/main.o
 .debug_line    0x0000097c      0x7b6 ./Core/Src/stm32f1xx_hal_msp.o
 .debug_line    0x00001132      0x7ea ./Core/Src/stm32f1xx_it.o
 .debug_line    0x0000191c      0x77a ./Core/Src/system_stm32f1xx.o
 .debug_line    0x00002096       0x78 ./Core/Startup/startup_stm32f103c8tx.o
 .debug_line    0x0000210e      0x9ab ./Drivers/STM32F1xx_HAL_Driver/Src/stm32f1xx_hal.o
 .debug_line    0x00002ab9     0x11a4 ./Drivers/STM32F1xx_HAL_Driver/Src/stm32f1xx_hal_can.o
 .debug_line    0x00003c5d      0xb75 ./Drivers/STM32F1xx_HAL_Driver/Src/stm32f1xx_hal_cortex.o
 .debug_line    0x000047d2      0xa08 ./Drivers/STM32F1xx_HAL_Driver/Src/stm32f1xx_hal_gpio.o
 .debug_line    0x000051da      0xe64 ./Drivers/STM32F1xx_HAL_Driver/Src/stm32f1xx_hal_rcc.o
 .debug_line    0x0000603e     0x3499 ./Drivers/STM32F1xx_HAL_Driver/Src/stm32f1xx_hal_tim.o
 .debug_line    0x000094d7     0x186f ./Drivers/STM32F1xx_HAL_Driver/Src/stm32f1xx_hal_tim_ex.o
 .debug_line    0x0000ad46      0x76a ./EcuA/Buzzer.o
 .debug_line    0x0000b4b0      0x46f ./EcuA/CanIf.o
 .debug_line    0x0000b91f      0x75e ./MCAL/Can.o
 .debug_line    0x0000c07d      0x6e5 ./MCAL/Dio.o
 .debug_line    0x0000c762      0x4d7 ./RTE/Rte.o
 .debug_line    0x0000cc39      0x4c2 ./SWC/Swc_Alarm.o
 .debug_line    0x0000d0fb      0x4a7 ./Services/Com.o

.debug_str      0x00000000    0x86f33
 .debug_str     0x00000000    0x86f33 ./Core/Src/main.o
                              0x84867 (size before relaxing)
 .debug_str     0x00086f33    0x847a2 ./Core/Src/stm32f1xx_hal_msp.o
 .debug_str     0x00086f33    0x83f86 ./Core/Src/stm32f1xx_it.o
 .debug_str     0x00086f33    0x83cc7 ./Core/Src/system_stm32f1xx.o
 .debug_str     0x00086f33       0x64 ./Core/Startup/startup_stm32f103c8tx.o
 .debug_str     0x00086f33    0x843fa ./Drivers/STM32F1xx_HAL_Driver/Src/stm32f1xx_hal.o
 .debug_str     0x00086f33    0x844cf ./Drivers/STM32F1xx_HAL_Driver/Src/stm32f1xx_hal_can.o
 .debug_str     0x00086f33    0x84346 ./Drivers/STM32F1xx_HAL_Driver/Src/stm32f1xx_hal_cortex.o
 .debug_str     0x00086f33    0x8404d ./Drivers/STM32F1xx_HAL_Driver/Src/stm32f1xx_hal_gpio.o
 .debug_str     0x00086f33    0x840f6 ./Drivers/STM32F1xx_HAL_Driver/Src/stm32f1xx_hal_rcc.o
 .debug_str     0x00086f33    0x850f8 ./Drivers/STM32F1xx_HAL_Driver/Src/stm32f1xx_hal_tim.o
 .debug_str     0x00086f33    0x84904 ./Drivers/STM32F1xx_HAL_Driver/Src/stm32f1xx_hal_tim_ex.o
 .debug_str     0x00086f33    0x83d65 ./EcuA/Buzzer.o
 .debug_str     0x00086f33     0x3e5a ./EcuA/CanIf.o
 .debug_str     0x00086f33    0x84084 ./MCAL/Can.o
 .debug_str     0x00086f33    0x83c87 ./MCAL/Dio.o
 .debug_str     0x00086f33     0x3e36 ./RTE/Rte.o
 .debug_str     0x00086f33     0x3e6c ./SWC/Swc_Alarm.o
 .debug_str     0x00086f33     0x3e26 ./Services/Com.o

.comment        0x00000000       0x43
 .comment       0x00000000       0x43 ./Core/Src/main.o
                                 0x44 (size before relaxing)
 .comment       0x00000043       0x44 ./Core/Src/stm32f1xx_hal_msp.o
 .comment       0x00000043       0x44 ./Core/Src/stm32f1xx_it.o
 .comment       0x00000043       0x44 ./Core/Src/system_stm32f1xx.o
 .comment       0x00000043       0x44 ./Drivers/STM32F1xx_HAL_Driver/Src/stm32f1xx_hal.o
 .comment       0x00000043       0x44 ./Drivers/STM32F1xx_HAL_Driver/Src/stm32f1xx_hal_can.o
 .comment       0x00000043       0x44 ./Drivers/STM32F1xx_HAL_Driver/Src/stm32f1xx_hal_cortex.o
 .comment       0x00000043       0x44 ./Drivers/STM32F1xx_HAL_Driver/Src/stm32f1xx_hal_gpio.o
 .comment       0x00000043       0x44 ./Drivers/STM32F1xx_HAL_Driver/Src/stm32f1xx_hal_rcc.o
 .comment       0x00000043       0x44 ./Drivers/STM32F1xx_HAL_Driver/Src/stm32f1xx_hal_tim.o
 .comment       0x00000043       0x44 ./Drivers/STM32F1xx_HAL_Driver/Src/stm32f1xx_hal_tim_ex.o
 .comment       0x00000043       0x44 ./EcuA/Buzzer.o
 .comment       0x00000043       0x44 ./EcuA/CanIf.o
 .comment       0x00000043       0x44 ./MCAL/Can.o
 .comment       0x00000043       0x44 ./MCAL/Dio.o
 .comment       0x00000043       0x44 ./RTE/Rte.o
 .comment       0x00000043       0x44 ./SWC/Swc_Alarm.o
 .comment       0x00000043       0x44 ./Services/Com.o

.debug_frame    0x00000000     0x2ef0
 .debug_frame   0x00000000      0x10c ./Core/Src/main.o
 .debug_frame   0x0000010c       0xf4 ./Core/Src/stm32f1xx_hal_msp.o
 .debug_frame   0x00000200      0x120 ./Core/Src/stm32f1xx_it.o
 .debug_frame   0x00000320       0x58 ./Core/Src/system_stm32f1xx.o
 .debug_frame   0x00000378      0x334 ./Drivers/STM32F1xx_HAL_Driver/Src/stm32f1xx_hal.o
 .debug_frame   0x000006ac      0x5a0 ./Drivers/STM32F1xx_HAL_Driver/Src/stm32f1xx_hal_can.o
 .debug_frame   0x00000c4c      0x428 ./Drivers/STM32F1xx_HAL_Driver/Src/stm32f1xx_hal_cortex.o
 .debug_frame   0x00001074      0x14c ./Drivers/STM32F1xx_HAL_Driver/Src/stm32f1xx_hal_gpio.o
 .debug_frame   0x000011c0      0x218 ./Drivers/STM32F1xx_HAL_Driver/Src/stm32f1xx_hal_rcc.o
 .debug_frame   0x000013d8     0x11b8 ./Drivers/STM32F1xx_HAL_Driver/Src/stm32f1xx_hal_tim.o
 .debug_frame   0x00002590      0x638 ./Drivers/STM32F1xx_HAL_Driver/Src/stm32f1xx_hal_tim_ex.o
 .debug_frame   0x00002bc8       0x58 ./EcuA/Buzzer.o
 .debug_frame   0x00002c20       0x54 ./EcuA/CanIf.o
 .debug_frame   0x00002c74       0x9c ./MCAL/Can.o
 .debug_frame   0x00002d10       0x34 ./MCAL/Dio.o
 .debug_frame   0x00002d44       0x88 ./RTE/Rte.o
 .debug_frame   0x00002dcc       0x50 ./SWC/Swc_Alarm.o
 .debug_frame   0x00002e1c       0x88 ./Services/Com.o
 .debug_frame   0x00002ea4       0x20 C:/ST/STM32CubeIDE_1.19.0/STM32CubeIDE/plugins/com.st.stm32cube.ide.mcu.externaltools.gnu-tools-for-stm32.13.3.rel1.win32_1.0.0.202411081344/tools/bin/../lib/gcc/arm-none-eabi/13.3.1/../../../../arm-none-eabi/lib/thumb/v7-m/nofp\libc_nano.a(libc_a-memset.o)
 .debug_frame   0x00002ec4       0x2c C:/ST/STM32CubeIDE_1.19.0/STM32CubeIDE/plugins/com.st.stm32cube.ide.mcu.externaltools.gnu-tools-for-stm32.13.3.rel1.win32_1.0.0.202411081344/tools/bin/../lib/gcc/arm-none-eabi/13.3.1/../../../../arm-none-eabi/lib/thumb/v7-m/nofp\libc_nano.a(libc_a-init.o)

.debug_line_str
                0x00000000       0x48
 .debug_line_str
                0x00000000       0x48 ./Core/Startup/startup_stm32f103c8tx.o
